2025-01-12 09:00:01 INFO System boot initiated
2025-01-12 09:00:05 INFO Hardware check started
2025-01-12 09:00:10 INFO Hardware check completed
2025-01-12 09:01:00 INFO Network interface initialized
2025-01-12 09:01:15 WARNING Network latency detected
2025-01-12 09:02:00 INFO User authentication service started
2025-01-12 09:02:30 INFO User login successful
2025-01-12 09:03:10 INFO Scheduled backup started
2025-01-12 09:03:45 ERROR Backup disk not found
2025-01-12 09:04:00 WARNING Backup retry scheduled
2025-01-12 09:05:00 INFO Backup retry started
2025-01-12 09:05:30 INFO Backup completed successfully
2025-01-12 09:06:10 INFO Application server started
2025-01-12 09:06:45 INFO Client connection established
2025-01-12 09:07:10 INFO Client request processed
2025-01-12 09:07:40 WARNING High memory usage detected
2025-01-12 09:08:00 INFO Memory cleanup initiated
2025-01-12 09:08:30 INFO Memory cleanup completed
2025-01-12 09:09:10 INFO Database connection opened
2025-01-12 09:09:40 ERROR Database query timeout
2025-01-12 09:10:00 WARNING Retrying database connection
2025-01-12 09:10:30 INFO Database connection restored
2025-01-12 09:11:00 INFO User logout successful
2025-01-12 09:12:10 INFO Cache refresh started
2025-01-12 09:12:40 INFO Cache refresh completed
2025-01-12 09:13:15 INFO New user session created
2025-01-12 09:13:50 INFO Session validation successful
2025-01-12 09:14:20 WARNING Disk usage above threshold
2025-01-12 09:15:00 INFO Disk cleanup initiated
2025-01-12 09:15:40 INFO Disk cleanup completed
2025-01-12 09:16:10 INFO Email service started
2025-01-12 09:16:45 ERROR Email server unreachable
2025-01-12 09:17:00 WARNING Email retry scheduled
2025-01-12 09:17:30 INFO Email service restored
2025-01-12 09:18:10 INFO Scheduled report generation started
2025-01-12 09:18:45 INFO Report generation completed
2025-01-12 09:19:10 INFO Report sent to administrator
2025-01-12 09:20:00 INFO Monitoring service heartbeat
2025-01-12 09:20:30 INFO Monitoring service heartbeat
2025-01-12 09:21:00 WARNING CPU usage high
2025-01-12 09:21:30 INFO CPU usage normalized
2025-01-12 09:22:10 INFO Configuration reload started
2025-01-12 09:22:40 INFO Configuration reload completed
2025-01-12 09:23:10 INFO System running normally
2025-01-12 09:24:00 INFO Periodic health check passed
2025-01-12 09:25:00 ERROR Network timeout detected
2025-01-12 09:26:00 INFO Network connection restored
